// Jest Snapshot v1, https://goo.gl/fbAQLP

exports[`renders Detail 1`] = `
<div>
  <div
    class="shopping-cart-screen"
  >
    <div
      class="header"
    >
      <img
        class="logo"
        height="100"
        src="logo.png"
        width="200"
      />
      <div
        class="search"
      >
        <div
          class="input-group"
          style="background-color: white; align-items: center;"
        >
          <button
            aria-expanded="false"
            class="dropdown-toggle btn btn-outline-primary"
            type="button"
          >
            name
          </button>
          <div
            aria-labelledby=""
            class="dropdown-menu"
            x-placement="bottom-start"
          >
            <a
              class="dropdown-item"
              data-rr-ui-dropdown-item=""
              href="#"
              role="button"
              tabindex="0"
            >
              name
            </a>
            <a
              class="dropdown-item"
              data-rr-ui-dropdown-item=""
              href="#"
              role="button"
              tabindex="0"
            >
              branch
            </a>
            <a
              class="dropdown-item"
              data-rr-ui-dropdown-item=""
              href="#"
              role="button"
              tabindex="0"
            >
              category
            </a>
            <a
              class="dropdown-item"
              data-rr-ui-dropdown-item=""
              href="#"
              role="button"
              tabindex="0"
            >
              color
            </a>
          </div>
          <input
            aria-describedby="basic-addon3"
            class="form-control"
            placeholder="Search products based on category name, product name, price, branch..."
            value=""
          />
          <img
            class=""
            height="30"
            src="search.jpeg"
            width="30"
          />
        </div>
      </div>
      <img
        class="cart"
        height="40"
        src="cart.png"
        width="40"
      />
    </div>
    <div
      class="shopping-cart-body"
    >
      <div
        class="shopping-cart-label"
      >
        <div
          style="flex: 3; display: flex; flex-direction: row;"
        >
          <div
            class=""
            style="margin-right: 20px;"
          >
            <input
              class="form-check-input"
              id="select_all"
              type="checkbox"
            />
          </div>
          <p>
            Product
          </p>
        </div>
        <div
          style="flex: 1;"
        >
          Price
        </div>
        <div
          style="flex: 1;"
        >
          Quantity
        </div>
        <div
          style="flex: 1;"
        >
          Total Price
        </div>
      </div>
      <div
        class="shopping-cart-product"
      />
    </div>
    <div
      class="shopping-cart-footer"
    >
      <button
        class="btn btn-warning"
        style="flex: 1;"
        type="button"
      >
        Delete
      </button>
      <div
        style="flex: 5; margin-right: 20px; text-align: end;"
      >
        <p
          style="font-weight: bold;"
        >
          Total Payment: 
          0.00
           $
        </p>
      </div>
      <button
        class="btn btn-warning"
        disabled=""
        style="flex: 2;"
        type="button"
      >
        Checkout
      </button>
    </div>
  </div>
</div>
`;
