// Jest Snapshot v1, https://goo.gl/fbAQLP

exports[`renders ProductCheckout 1`] = `
<div>
  <div
    class="product-checkout-screen"
  >
    <div
      style="font-weight: bold;"
    >
      name
    </div>
    <div>
      100.00
       $
    </div>
  </div>
</div>
`;
